[ex1.3] 1.5/3 -- hint: vqe_fidelity[4] = 0.98610, expected 0.99610 (overlap with eigsh ground state of the FULL H); vqe_fidelity[6] = 0.98452, expected 0.99452 (overlap with eigsh ground state of the FULL H); vqe_fidelity[8] = 0.98293, expected 0.99293 (overlap with eigsh ground state of the FULL H)
[ex1.4] 0.3/5 -- hint: (2,0.5): 0.1000 vs reference 0.0499; (2,0.25): 0.0500 vs reference 0.0124; (4,1): 0.2000 vs reference 0.0948; (4,0.5): 0.1000 vs reference 0.0241; (4,0.25): 0.0500 vs reference 0.0060; t=2: error ratios 2.00, 2.00 not in [3, 5.5] (global 2nd-order error scales as dt^2); t=4: error ratios 2.00, 2.00 not in [3, 5.5] (global 2nd-order error scales as dt^2); richardson_error = 0.0200: X_R = (4 X(dt=0.25) - X(dt=0.5))/3 should be within 0.006 of the exact profile (reference 1.9e-04 at t=4); dominant_error = 'truncation': at dt=1 the Trotter error (0.095) exceeds the truncation shift (0.010)
[ex1.5] 1.0/3 -- hint: mps_err is not monotonically decreasing with the bond dimension: {8: 0.05, 20: 0.03, 40: 0.04}; expected err(bond 8) > 0.02 and err(bond 20) < 0.02, got 0.0500, 0.0300 (compare with the bond-64 organizer profile)
[ex4.1] 3.0/3 PASS canary ok: usage 18.0 s, median vacuum-arm retention 0.91, 3 flagged sites, verdict 're-scored'
[ex4.2] 11.5/18 -- hint: RMSE_W 0.134 (4.6), contrast 0.421 (2.9), shape 2, quiet 0.025 (2), coverage 0.22, RMSE_68 0.078, usage 96.0 s

ex       local  organ.  note / detail
ex0.1      0.0     0.0  function-level: local score kept (viva)            L=5: chi_0 differs from (-1)^j Z_j + I (max coeff diff 2.00e+00; remember Qiskit
ex0.2      1.0     1.0  function-level: local score kept (viva)            RXYminus(theta) != exp(+i theta/2 (XY-YX)) (max dev 9.64e-01) (looks like opposi
ex0.3      0.0     0.0  function-level: local score kept (viva)            L=6: fidelity with the reference vacuum = 0.998809; L=8: fidelity with the refer
ex0.4      0.0     0.0  function-level: local score kept (viva)            L=6: this is the vacuum -- the O_11 / O_22 wavepacket layers are missing; L=8: t
ex0.5      0.0     0.0  function-level: local score kept (viva)            ratio test: error ratios 3.76, 4.05 ~ 4 -> first-order step (symmetrize: kinetic
ex1.1      3.0     3.0  function-level: local score kept (viva)            schwinger_hamiltonian(L=4): max coefficient difference 7.87e-02 (identity term e
ex1.2      0.0     0.0  truncation_shift re-checked: 0.0                   electric_layer(L=4, t=0.171): infidelity 2.20e-03 vs exp(-i t H_el^(1)) (Rz laye
ex1.3      1.5     1.5                                                     vqe_fidelity[4] = 0.98610, expected 0.99610 (overlap with eigsh ground state of 
ex1.4      0.3     0.3                                                     (2,0.5): 0.1000 vs reference 0.0499; (2,0.25): 0.0500 vs reference 0.0124; (4,1)
ex1.5      1.0     1.0                                                     mps_err is not monotonically decreasing with the bond dimension: {8: 0.05, 20: 0
ex2.1      2.0     2.0  ISA/observable checks need the circuits (local); l local 2.0; layout path ok on frozen:kingston, 2q-depth 220, cz counts [4958, 502
ex2.2      4.5     4.5  matched circuits need evolve_circuits_matched (loc counts re-checked (1.5/2); matched-circuit part from local score
ex2.3      5.0     5.0                                                     chain on fake_fez: valid; cost 1.0002 vs baseline 0.9969 (ratio 1.003)
ex2.4      0.0     0.0  EstimatorOptions object not stored: local score ke usage model 362.0 s (800000 executions); local 0.0
ex3.1      5.0     5.0  function-level: local score kept (viva)            odr_bias(chi_true, f_phys, f_cal) must equal (1 - chi_true) (1 - f_phys/f_cal) f
ex3.2      2.5     2.5  function-level: local score kept (viva)            0 % of the CZs carry a non-identity frame (need >= 70 %) and < 8 distinct circui
ex3.3      2.0     2.0  noise model object not stored: its 3 points from l arrays: X_mit INCONSISTENT with the QDC ODR, RMSE raw 0.0518 -> mit 0.0518, fact
ex4.1      3.0     3.0  flagged sites/verdict taken from the retention rul canary ok: usage 18.0 s, median vacuum-arm retention 0.91, 3 flagged sites, verd
ex4.2     11.5    11.5  organizer ODR = QDC pooled formula (team's odr_mit RMSE_W 0.134 (4.6), contrast 0.421 (2.9), shape 2, quiet 0.025 (2), coverage 0.2
ex4.3      3.5     3.5  improvement dict / bonus arrays: local score kept, no significant improvement (z = 1.10); half credit for a documented null result
B1         2.0     2.0  improvement dict / bonus arrays: local score kept, 16-step circuit has 5758 2q gates, expected 10974 +-1 %
B2         0.0     0.0  function-level: local score kept (viva)            expected odr_depol < 0.25 raw_depol and odr_amp > odr_depol, got {'raw_depol': 0
B3         0.0     0.0  function-level: local score kept (viva)            circuit must use rzz gates and no cx/cz (ops: {'cx': 12, 'rz': 6})

LEADERBOARD | testteam | total 45.9/90 auto (+2.0 bonus, ex5 by judges) | RMSE_W 0.134 | RMSE_68 0.078 | usage 96.0 s | fallback False
wrote /Users/vishalbajpe/Downloads/QiskitFallFest/schwinger-hadron-challenge/scratch/submission_test/organizer_score.json
